// Jest Snapshot v1, https://goo.gl/fbAQLP

exports[`SignIn component should render SignIn component 1`] = `
"<styled.div className=\\"sign-in\\">
  <styled.h2>
    I already have an account
  </styled.h2>
  <span>
    Sign in with your email and password
  </span>
  <form onSubmit={[Function: handleSubmit]}>
    <FormInput name=\\"email\\" type=\\"email\\" handleChange={[Function: handleChange]} value=\\"\\" label=\\"email\\" />
    <FormInput name=\\"password\\" type=\\"password\\" value=\\"\\" handleChange={[Function: handleChange]} label=\\"password\\" />
    <styled.div className=\\"buttons\\">
      <CustomButton type=\\"submit\\">
        Sign in
      </CustomButton>
      <CustomButton onClick={[Function: mockConstructor]} type=\\"button\\" isGoogleSignIn={true}>
        Sign in with Google
      </CustomButton>
    </styled.div>
  </form>
</styled.div>"
`;
