// Jest Snapshot v1, https://goo.gl/fbAQLP

exports[`CartDropdown should render CartDropdown component 1`] = `
"<styled.div className=\\"cart-dropdown\\">
  <styled.div className=\\"cart-items\\">
    <Memo(CartItem) item={{...}} />
    <Memo(CartItem) item={{...}} />
    <Memo(CartItem) item={{...}} />
  </styled.div>
  <CartDropdownButton onClick={[Function: onClick]}>
    GO TO CHECKOUT
  </CartDropdownButton>
</styled.div>"
`;
